// Jest Snapshot v1, https://goo.gl/fbAQLP

exports[`StatusRemoteApplicationList renders 1`] = `
<StatusTable
  headers={
    Array [
      Object {
        "columnSize": 3,
        "content": "SAAS",
      },
      Object {
        "columnSize": 3,
        "content": "Status",
      },
      Object {
        "columnSize": 3,
        "content": "Store",
      },
      Object {
        "columnSize": 3,
        "content": "URL",
      },
    ]
  }
  rows={
    Array [
      Object {
        "columns": Array [
          Object {
            "columnSize": 3,
            "content": "mysql",
          },
          Object {
            "columnSize": 3,
            "content": "waiting",
          },
          Object {
            "columnSize": 3,
            "content": "localhost-localhost",
          },
          Object {
            "columnSize": 3,
            "content": "admin/saas.mysql",
          },
        ],
        "extraData": "ok",
        "key": "localhost-localhost:admin/saas.mysql",
      },
    ]
  }
/>
`;

exports[`StatusRemoteApplicationList renders with missing details 1`] = `
<StatusTable
  headers={
    Array [
      Object {
        "columnSize": 3,
        "content": "SAAS",
      },
      Object {
        "columnSize": 3,
        "content": "Status",
      },
      Object {
        "columnSize": 3,
        "content": "Store",
      },
      Object {
        "columnSize": 3,
        "content": "URL",
      },
    ]
  }
  rows={
    Array [
      Object {
        "columns": Array [
          Object {
            "columnSize": 3,
            "content": undefined,
          },
          Object {
            "columnSize": 3,
            "content": undefined,
          },
          Object {
            "columnSize": 3,
            "content": "",
          },
          Object {
            "columnSize": 3,
            "content": undefined,
          },
        ],
        "extraData": "ok",
        "key": undefined,
      },
    ]
  }
/>
`;
