// Jest Snapshot v1, https://goo.gl/fbAQLP

exports[`StatusTable renders 1`] = `
<span
  className="status-label status-label--ok"
>
  available
</span>
`;
